
> @uilab/agent-workbench@0.0.1 build /Users/zhoujw/develop/github/uilab-admin/archetypes/agent-workbench
> tsc -b && vite build

vite v8.0.8 building client environment for production...
[2Ktransforming...✓ 3647 modules transformed.
rendering chunks...
computing gzip size...
dist/index.html                                         0.74 kB │ gzip:   0.43 kB
dist/assets/index-BS2zk4Ry.css                        110.51 kB │ gzip:  18.71 kB
dist/assets/mermaid-GHXKKRXX-xqvDrJAc.js                0.07 kB │ gzip:   0.08 kB
dist/assets/highlighted-body-OFNGDK62-BeZg3O1S.js       0.49 kB │ gzip:   0.33 kB
dist/assets/codeowners-BSNBrvsY.js                      0.54 kB │ gzip:   0.31 kB
dist/assets/codeowners-DXhoR5Ap.js                      0.54 kB │ gzip:   0.31 kB
dist/assets/shellsession-B8IaDF_e.js                    0.71 kB │ gzip:   0.43 kB
dist/assets/shellsession-CU5Kl4Nf.js                    0.71 kB │ gzip:   0.42 kB
dist/assets/tsv-Bqs_rchc.js                             0.73 kB │ gzip:   0.33 kB
dist/assets/tsv-Dxl70sAK.js                             0.73 kB │ gzip:   0.33 kB
dist/assets/html-derivative-BCg5Mwjn.js                 0.84 kB │ gzip:   0.45 kB
dist/assets/html-derivative-Dwpjbgu2.js                 0.84 kB │ gzip:   0.45 kB
dist/assets/git-rebase-BsMao0bb.js                      0.98 kB │ gzip:   0.44 kB
dist/assets/git-rebase-CcBeW2S2.js                      0.98 kB │ gzip:   0.44 kB
dist/assets/qmldir-BBNnU9RJ.js                          0.99 kB │ gzip:   0.44 kB
dist/assets/qmldir-BcTk53Eb.js                          0.99 kB │ gzip:   0.44 kB
dist/assets/csv-DUpZC5ZD.js                             1.13 kB │ gzip:   0.36 kB
dist/assets/csv-NQb0iKDb.js                             1.13 kB │ gzip:   0.36 kB
dist/assets/git-commit-CF4_Oynk.js                      1.22 kB │ gzip:   0.52 kB
dist/assets/git-commit-DJZpdBwB.js                      1.22 kB │ gzip:   0.52 kB
dist/assets/xsl-GZuoDGbu.js                             1.36 kB │ gzip:   0.50 kB
dist/assets/xsl-g_AlVAlc.js                             1.36 kB │ gzip:   0.50 kB
dist/assets/dotenv-BWp1FaLo.js                          1.41 kB │ gzip:   0.52 kB
dist/assets/dotenv-Cf-RL3Ig.js                          1.41 kB │ gzip:   0.52 kB
dist/assets/sparql-DErplmB-.js                          1.47 kB │ gzip:   0.80 kB
dist/assets/sparql-DIFvSn1n.js                          1.47 kB │ gzip:   0.81 kB
dist/assets/ini-CsdVJBkx.js                             1.51 kB │ gzip:   0.49 kB
dist/assets/ini-ovi-wMtM.js                             1.51 kB │ gzip:   0.49 kB
dist/assets/fortran-fixed-form-CyrImzNA.js              1.66 kB │ gzip:   0.69 kB
dist/assets/fortran-fixed-form-rBPCaJBx.js              1.66 kB │ gzip:   0.68 kB
dist/assets/docker-B8_h9OyH.js                          1.73 kB │ gzip:   0.59 kB
dist/assets/docker-DkLGgDMo.js                          1.73 kB │ gzip:   0.59 kB
dist/assets/hxml-BmF7ngDz.js                            1.74 kB │ gzip:   0.87 kB
dist/assets/desktop-3VGbzlmJ.js                         1.82 kB │ gzip:   0.75 kB
dist/assets/desktop-CmPRcuZg.js                         1.82 kB │ gzip:   0.75 kB
dist/assets/hxml-DtUvLoXv.js                            1.89 kB │ gzip:   0.89 kB
dist/assets/erb-DdQfcrUd.js                             2.13 kB │ gzip:   0.62 kB
dist/assets/erb-IFGy4x8-.js                             2.13 kB │ gzip:   0.62 kB
dist/assets/wenyan-ZEcjghA1.js                          2.15 kB │ gzip:   1.08 kB
dist/assets/wenyan-xi67JtBk.js                          2.15 kB │ gzip:   1.08 kB
dist/assets/jssm-C-QfdDgD.js                            2.23 kB │ gzip:   0.61 kB
dist/assets/jssm-svF8NUzG.js                            2.23 kB │ gzip:   0.61 kB
dist/assets/edge-B7AyBlcm.js                            2.30 kB │ gzip:   0.67 kB
dist/assets/edge-yG6PQl96.js                            2.30 kB │ gzip:   0.67 kB
dist/assets/reg-C0b6gbjp.js                             2.33 kB │ gzip:   0.69 kB
dist/assets/reg-C_WE1pkC.js                             2.33 kB │ gzip:   0.69 kB
dist/assets/diff-34NwsLsP.js                            2.56 kB │ gzip:   0.68 kB
dist/assets/diff-D4HSRbRn.js                            2.56 kB │ gzip:   0.68 kB
dist/assets/gleam-B9ISJjDl.js                           2.57 kB │ gzip:   0.81 kB
dist/assets/gleam-sjUxVEOT.js                           2.57 kB │ gzip:   0.81 kB
dist/assets/hy-6acR1htR.js                              2.64 kB │ gzip:   1.17 kB
dist/assets/hy-L5x9CXI_.js                              2.64 kB │ gzip:   1.17 kB
dist/assets/openscad-BM4fjXzn.js                        2.81 kB │ gzip:   1.00 kB
dist/assets/openscad-oBUXRE-t.js                        2.81 kB │ gzip:   1.00 kB
dist/assets/log-BYyZvwT6.js                             2.84 kB │ gzip:   0.89 kB
dist/assets/log-Cqyx7kYB.js                             2.84 kB │ gzip:   0.89 kB
dist/assets/json-3bdOWlZg.js                            2.88 kB │ gzip:   0.82 kB
dist/assets/json-DaYedjLS.js                            2.88 kB │ gzip:   0.82 kB
dist/assets/cairo-BIGeB6EW.js                           2.93 kB │ gzip:   0.80 kB
dist/assets/cairo-CyiRuu7R.js                           2.93 kB │ gzip:   0.80 kB
dist/assets/berry-DFQCiPmL.js                           2.99 kB │ gzip:   0.80 kB
dist/assets/berry-DjEHm1kC.js                           2.99 kB │ gzip:   0.80 kB
dist/assets/jsonl-Vymb6PRA.js                           3.00 kB │ gzip:   0.78 kB
dist/assets/jsonl-eDmbsRcr.js                           3.00 kB │ gzip:   0.78 kB
dist/assets/jsonc-Bo6bgSpa.js                           3.10 kB │ gzip:   0.78 kB
dist/assets/jsonc-CtjXGi_l.js                           3.10 kB │ gzip:   0.78 kB
dist/assets/logo-BMyACSNp.js                            3.12 kB │ gzip:   1.46 kB
dist/assets/logo-RPed3OZI.js                            3.12 kB │ gzip:   1.46 kB
dist/assets/po-BvnTR3_f.js                              3.23 kB │ gzip:   0.90 kB
dist/assets/po-RBGorznm.js                              3.23 kB │ gzip:   0.90 kB
dist/assets/json5-DlANtuZe.js                           3.24 kB │ gzip:   0.82 kB
dist/assets/json5-JNG5kh3j.js                           3.24 kB │ gzip:   0.82 kB
dist/assets/mipsasm-B8w8xWxH.js                         3.25 kB │ gzip:   1.17 kB
dist/assets/mipsasm-C6fvALrw.js                         3.25 kB │ gzip:   1.17 kB
dist/assets/tasl-6ayzmiuc.js                            3.28 kB │ gzip:   0.84 kB
dist/assets/tasl-GVNf7pB7.js                            3.28 kB │ gzip:   0.84 kB
dist/assets/rbs-CdraSddP.js                             3.30 kB │ gzip:   0.72 kB
dist/assets/genie-BE7nKhIq.js                           3.34 kB │ gzip:   1.20 kB
dist/assets/genie-BQL79GDS.js                           3.34 kB │ gzip:   1.20 kB
dist/assets/rel-BGn9N5c7.js                             3.36 kB │ gzip:   1.10 kB
dist/assets/rel-CpHQF4b7.js                             3.36 kB │ gzip:   1.10 kB
dist/assets/vala-C42IfotU.js                            3.36 kB │ gzip:   1.18 kB
dist/assets/vala-Dqe30mVv.js                            3.36 kB │ gzip:   1.18 kB
dist/assets/splunk-B8sUyjY-.js                          3.42 kB │ gzip:   1.51 kB
dist/assets/splunk-DOdklC0I.js                          3.42 kB │ gzip:   1.51 kB
dist/assets/hurl-CAv71oQn.js                            3.51 kB │ gzip:   1.09 kB
dist/assets/hurl-CWMFP7TQ.js                            3.51 kB │ gzip:   1.09 kB
dist/assets/fluent-COeWvA2S.js                          3.60 kB │ gzip:   0.89 kB
dist/assets/fluent-D1peBFgx.js                          3.60 kB │ gzip:   0.89 kB
dist/assets/ssh-config-0v3zx41R.js                      3.61 kB │ gzip:   1.59 kB
dist/assets/ssh-config-DwwFW7AS.js                      3.61 kB │ gzip:   1.59 kB
dist/assets/jsonnet-B2cFov52.js                         3.61 kB │ gzip:   1.03 kB
dist/assets/jsonnet-BrmnmEy9.js                         3.61 kB │ gzip:   1.03 kB
dist/assets/kdl-B_tNS5SW.js                             3.62 kB │ gzip:   1.03 kB
dist/assets/kdl-CPujEk7a.js                             3.62 kB │ gzip:   1.03 kB
dist/assets/narrat-DY5cg5OF.js                          3.66 kB │ gzip:   1.09 kB
dist/assets/narrat-DqDrKYgS.js                          3.66 kB │ gzip:   1.09 kB
dist/assets/turtle-BsUuoeVK.js                          3.69 kB │ gzip:   0.96 kB
dist/assets/turtle-cb5A0loi.js                          3.69 kB │ gzip:   0.96 kB
dist/assets/glsl-C7oKjS1m.js                            3.69 kB │ gzip:   1.46 kB
dist/assets/glsl-DeUy1CKH.js                            3.69 kB │ gzip:   1.46 kB
dist/assets/zenscript-C6ZuzgrL.js                       3.90 kB │ gzip:   1.28 kB
dist/assets/zenscript-CPf-OcDc.js                       3.90 kB │ gzip:   1.28 kB
dist/assets/ron-Cd7pAGKp.js                             3.90 kB │ gzip:   0.97 kB
dist/assets/ron-CgTit1dG.js                             3.90 kB │ gzip:   0.97 kB
dist/assets/gn-BjxXfCZh.js                              3.99 kB │ gzip:   1.47 kB
dist/assets/gn-RQRMslrP.js                              3.99 kB │ gzip:   1.47 kB
dist/assets/pascal-DYsRufgb.js                          4.14 kB │ gzip:   1.67 kB
dist/assets/pascal-DdcTOV_o.js                          4.14 kB │ gzip:   1.67 kB
dist/assets/http-DKTwUfRF.js                            4.41 kB │ gzip:   1.06 kB
dist/assets/http-POo8yTX0.js                            4.41 kB │ gzip:   1.06 kB
dist/assets/tcl-DBK6Vgmz.js                             4.42 kB │ gzip:   1.50 kB
dist/assets/tcl-DNlfRSl5.js                             4.42 kB │ gzip:   1.50 kB
dist/assets/nextflow-BRiWOV-p.js                        4.50 kB │ gzip:   1.16 kB
dist/assets/nextflow-DaqdtSqX.js                        4.50 kB │ gzip:   1.16 kB
dist/assets/rosmsg-C0tpzWlc.js                          4.51 kB │ gzip:   1.05 kB
dist/assets/rosmsg-FP41Q2Y1.js                          4.51 kB │ gzip:   1.05 kB
dist/assets/polar-C-lm0SL1.js                           4.66 kB │ gzip:   1.12 kB
dist/assets/polar-CAj5SJyd.js                           4.66 kB │ gzip:   1.12 kB
dist/assets/sdbl-DoQ_zDzo.js                            4.69 kB │ gzip:   2.00 kB
dist/assets/sdbl-TEbIpTQC.js                            4.69 kB │ gzip:   2.00 kB
dist/assets/fennel-Cd-BhZ0S.js                          4.76 kB │ gzip:   1.53 kB
dist/assets/fennel-lt2qcAkn.js                          4.76 kB │ gzip:   1.53 kB
dist/assets/bibtex-aOfmXHFj.js                          4.78 kB │ gzip:   0.83 kB
dist/assets/bibtex-nDF0AO2V.js                          4.78 kB │ gzip:   0.83 kB
dist/assets/llvm-CWPaD6bO.js                            5.03 kB │ gzip:   2.01 kB
dist/assets/llvm-C_Bk8N51.js                            5.04 kB │ gzip:   2.01 kB
dist/assets/wgsl-CdusuPLe.js                            5.13 kB │ gzip:   1.38 kB
dist/assets/wgsl-dPJc-W02.js                            5.13 kB │ gzip:   1.38 kB
dist/assets/gdresource-BbwRvQg0.js                      5.28 kB │ gzip:   1.33 kB
dist/assets/gdresource-Cl3bohRI.js                      5.28 kB │ gzip:   1.33 kB
dist/assets/zig-B9u1oIfl.js                             5.33 kB │ gzip:   1.55 kB
dist/assets/zig-Do2h8XKj.js                             5.33 kB │ gzip:   1.55 kB
dist/assets/qml-BViaCsGD.js                             5.33 kB │ gzip:   1.38 kB
dist/assets/qml-BgIjEqQR.js                             5.33 kB │ gzip:   1.38 kB
dist/assets/dax-qq9DkJKD.js                             5.35 kB │ gzip:   2.21 kB
dist/assets/dax-sEzq00Tq.js                             5.35 kB │ gzip:   2.21 kB
dist/assets/bicep-BZLx0b6B.js                           5.37 kB │ gzip:   1.14 kB
dist/assets/bicep-BcF8hI1r.js                           5.37 kB │ gzip:   1.14 kB
dist/assets/xml-BOBL0Hig.js                             5.44 kB │ gzip:   1.25 kB
dist/assets/xml-DOxfQN5l.js                             5.44 kB │ gzip:   1.25 kB
dist/assets/awk-ButuPTaW.js                             5.45 kB │ gzip:   1.37 kB
dist/assets/awk-D_7x8pCS.js                             5.45 kB │ gzip:   1.37 kB
dist/assets/coq-CRT8yML1.js                             5.54 kB │ gzip:   1.91 kB
dist/assets/jinja-3yThYsRy.js                           5.62 kB │ gzip:   1.36 kB
dist/assets/jinja-BH1s0Cdk.js                           5.62 kB │ gzip:   1.36 kB
dist/assets/lean-CQ4oht2M.js                            5.77 kB │ gzip:   1.91 kB
dist/assets/lean-DzCKI_dM.js                            5.77 kB │ gzip:   1.91 kB
dist/assets/moonbit-Cjo3d0oi.js                         5.89 kB │ gzip:   1.67 kB
dist/assets/powerquery-CKyLZc00.js                      5.89 kB │ gzip:   1.51 kB
dist/assets/powerquery-I1Ei5hrS.js                      5.89 kB │ gzip:   1.51 kB
dist/assets/shaderlab-Bocasyb7.js                       5.91 kB │ gzip:   2.08 kB
dist/assets/shaderlab-TbUUdmUb.js                       5.91 kB │ gzip:   2.08 kB
dist/assets/verilog-P63PhzSt.js                         5.92 kB │ gzip:   1.89 kB
dist/assets/cypher-BokagBa0.js                          5.94 kB │ gzip:   1.71 kB
dist/assets/cypher-D6dhuZbo.js                          5.94 kB │ gzip:   1.71 kB
dist/assets/coq-G2VSLxn4.js                             6.03 kB │ gzip:   1.95 kB
dist/assets/vb-CbXL0nB0.js                              6.06 kB │ gzip:   2.32 kB
dist/assets/vb-CVMKTK26.js                              6.08 kB │ gzip:   2.33 kB
dist/assets/red-C8T3vFMb.js                             6.25 kB │ gzip:   1.59 kB
dist/assets/min-dark-i-DA6nRc.js                        6.28 kB │ gzip:   1.70 kB
dist/assets/min-dark-new9_l8-.js                        6.28 kB │ gzip:   1.70 kB
dist/assets/gdshader-BOrkFM_X.js                        6.31 kB │ gzip:   1.72 kB
dist/assets/gdshader-Der4SYTH.js                        6.31 kB │ gzip:   1.72 kB
dist/assets/prisma-Ojgxt2lx.js                          6.32 kB │ gzip:   1.38 kB
dist/assets/ara-CRKnUAN1.js                             6.35 kB │ gzip:   1.80 kB
dist/assets/ara-D5ZV1p6g.js                             6.35 kB │ gzip:   1.80 kB
dist/assets/verilog-BNTFUX4X.js                         6.40 kB │ gzip:   1.92 kB
dist/assets/clojure-B1y_GkQs.js                         6.40 kB │ gzip:   1.41 kB
dist/assets/clojure-BVGPdaE2.js                         6.40 kB │ gzip:   1.41 kB
dist/assets/postcss-BqKvnY_r.js                         6.41 kB │ gzip:   1.90 kB
dist/assets/postcss-DrpvRGGG.js                         6.41 kB │ gzip:   1.90 kB
dist/assets/red-BDYcVxob.js                             6.41 kB │ gzip:   1.63 kB
dist/assets/toml-DrBSfpII.js                            6.41 kB │ gzip:   1.28 kB
dist/assets/toml-X5n3zjEH.js                            6.41 kB │ gzip:   1.28 kB
dist/assets/solarized-light-QDeOcrlR.js                 6.47 kB │ gzip:   1.71 kB
dist/assets/proto-D07RTuB5.js                           6.54 kB │ gzip:   1.41 kB
dist/assets/proto-DXbH_IX4.js                           6.54 kB │ gzip:   1.41 kB
dist/assets/smalltalk-Mlf5-xbr.js                       6.58 kB │ gzip:   1.61 kB
dist/assets/r-DEkW5tea.js                               6.60 kB │ gzip:   1.83 kB
dist/assets/chapel-tqfww8Aa.js                          6.62 kB │ gzip:   1.85 kB
dist/assets/solarized-light-BUAWQ5nm.js                 6.62 kB │ gzip:   1.74 kB
dist/assets/talonscript-CXqq0wX-.js                     6.75 kB │ gzip:   1.48 kB
dist/assets/talonscript-DV3cR3vF.js                     6.75 kB │ gzip:   1.48 kB
dist/assets/r-Cn2dGl7k.js                               6.79 kB │ gzip:   1.89 kB
dist/assets/solarized-dark-CJnyQ3GE.js                  6.84 kB │ gzip:   1.78 kB
dist/assets/riscv-Co5eiPIZ.js                           6.90 kB │ gzip:   1.97 kB
dist/assets/riscv-D0AFRKOX.js                           6.90 kB │ gzip:   1.97 kB
dist/assets/soy-BH-55nV2.js                             6.92 kB │ gzip:   1.62 kB
dist/assets/soy-BOBcZKwD.js                             6.92 kB │ gzip:   1.62 kB
dist/assets/min-light-BE_cOZ_l.js                       6.96 kB │ gzip:   1.88 kB
dist/assets/min-light-BfYSeRjH.js                       6.96 kB │ gzip:   1.88 kB
dist/assets/solarized-dark-CRVS_W_8.js                  6.99 kB │ gzip:   1.81 kB
dist/assets/scheme-BEkpfBnt.js                          7.16 kB │ gzip:   2.04 kB
dist/assets/scheme-Bf85FNnm.js                          7.16 kB │ gzip:   2.04 kB
dist/assets/hlsl-CckLjo_3.js                            7.25 kB │ gzip:   2.18 kB
dist/assets/hlsl-UbxsZ08X.js                            7.25 kB │ gzip:   2.18 kB
dist/assets/qss-CC0PKRbL.js                             7.46 kB │ gzip:   2.57 kB
dist/assets/qss-CPmpUQZJ.js                             7.46 kB │ gzip:   2.57 kB
dist/assets/prisma-D28I6fhj.js                          7.73 kB │ gzip:   1.48 kB
dist/assets/dart-CVd7TDni.js                            7.80 kB │ gzip:   1.91 kB
dist/assets/systemd-CJWuVSJU.js                         7.86 kB │ gzip:   2.54 kB
dist/assets/systemd-zpS5gaz1.js                         7.86 kB │ gzip:   2.54 kB
dist/assets/monokai-D5DRqRHN.js                         7.88 kB │ gzip:   1.90 kB
dist/assets/monokai-BX4ExR7P.js                         8.02 kB │ gzip:   1.93 kB
dist/assets/regexp--Rqca2oY.js                          8.05 kB │ gzip:   1.47 kB
dist/assets/regexp-C7qGEYVJ.js                          8.05 kB │ gzip:   1.47 kB
dist/assets/haml-Bb6VVIwr.js                            8.33 kB │ gzip:   1.86 kB
dist/assets/haml-CFN-rW5M.js                            8.33 kB │ gzip:   1.86 kB
dist/assets/typst-BKYwYIrG.js                           8.38 kB │ gzip:   1.66 kB
dist/assets/typst-CPL77SDw.js                           8.38 kB │ gzip:   1.66 kB
dist/assets/vue-html-BwKreWem.js                        8.47 kB │ gzip:   1.68 kB
dist/assets/vue-html-DoqF8cNB.js                        8.47 kB │ gzip:   1.68 kB
dist/assets/plsql-B1bmZxUF.js                           8.50 kB │ gzip:   2.99 kB
dist/assets/plsql-Ci12sGeh.js                           8.50 kB │ gzip:   2.99 kB
dist/assets/dart-CZmWmVEB.js                            8.61 kB │ gzip:   1.99 kB
dist/assets/horizon-DwpLDXFa.js                         8.77 kB │ gzip:   1.94 kB
dist/assets/horizon-DzI-ulBH.js                         8.77 kB │ gzip:   1.94 kB
dist/assets/kotlin-GNGS6f4G.js                          8.77 kB │ gzip:   2.12 kB
dist/assets/kotlin-pIweK0Tp.js                          8.77 kB │ gzip:   2.12 kB
dist/assets/horizon-bright-Bbm37Avh.js                  8.78 kB │ gzip:   1.96 kB
dist/assets/horizon-bright-DIXV-uuD.js                  8.78 kB │ gzip:   1.96 kB
dist/assets/ts-tags-DaIxvjYS.js                         8.92 kB │ gzip:   1.20 kB
dist/assets/make-Bp_ym9Ei.js                            8.95 kB │ gzip:   1.76 kB
dist/assets/make-DRoG6w-e.js                            8.95 kB │ gzip:   1.76 kB
dist/assets/andromeeda-BDaunYgk.js                      9.01 kB │ gzip:   2.35 kB
dist/assets/andromeeda-BdXVMsCl.js                      9.01 kB │ gzip:   2.35 kB
dist/assets/sas-C_peCIf0.js                             9.06 kB │ gzip:   3.82 kB
dist/assets/sas-HEmsaI5P.js                             9.06 kB │ gzip:   3.82 kB
dist/assets/dark-plus-BnmtYm9C.js                       9.09 kB │ gzip:   2.10 kB
dist/assets/dark-plus-CH97i1-w.js                       9.09 kB │ gzip:   2.10 kB
dist/assets/slack-dark-B_wAnYP6.js                      9.11 kB │ gzip:   1.96 kB
dist/assets/slack-dark-DSxe7X7t.js                      9.11 kB │ gzip:   1.96 kB
dist/assets/smithy-COlAzEtx.js                          9.12 kB │ gzip:   1.51 kB
dist/assets/sass-DphNYbk9.js                            9.28 kB │ gzip:   2.48 kB
dist/assets/sass-MovLey2R.js                            9.28 kB │ gzip:   2.48 kB
dist/assets/plastic-D26cQy1C.js                         9.29 kB │ gzip:   1.96 kB
dist/assets/plastic-Dp8eC-WC.js                         9.29 kB │ gzip:   1.96 kB
dist/assets/slack-ochin-BPyy9yXv.js                     9.42 kB │ gzip:   2.08 kB
dist/assets/slack-ochin-eMEwdM98.js                     9.42 kB │ gzip:   2.08 kB
dist/assets/tex-4gSrIY4b.js                             9.67 kB │ gzip:   3.06 kB
dist/assets/jison-BrGSZDp0.js                           9.69 kB │ gzip:   1.87 kB
dist/assets/jison-CorLazy4.js                           9.69 kB │ gzip:   1.86 kB
dist/assets/tex-DRNmX8r4.js                             9.73 kB │ gzip:   3.11 kB
dist/assets/cmake-CCC7tP43.js                           9.84 kB │ gzip:   3.37 kB
dist/assets/cmake-DK0Xq7PS.js                           9.84 kB │ gzip:   3.37 kB
dist/assets/light-plus-C2iG7Tzd.js                      9.93 kB │ gzip:   2.27 kB
dist/assets/light-plus-L29-k94e.js                      9.93 kB │ gzip:   2.27 kB
dist/assets/hcl-BJFIxObA.js                            10.04 kB │ gzip:   1.93 kB
dist/assets/hcl-BibREsa1.js                            10.04 kB │ gzip:   1.93 kB
dist/assets/rst-Ctpya9Wb.js                            10.31 kB │ gzip:   2.24 kB
dist/assets/rst-Da69ceh3.js                            10.31 kB │ gzip:   2.24 kB
dist/assets/pkl-Cs_mPCvu.js                            10.36 kB │ gzip:   1.37 kB
dist/assets/pkl-Djf8ANrI.js                            10.36 kB │ gzip:   1.37 kB
dist/assets/beancount-BCkjWTs-.js                      10.36 kB │ gzip:   1.43 kB
dist/assets/beancount-ZPo5N4CK.js                      10.36 kB │ gzip:   1.43 kB
dist/assets/nextflow-groovy-D6rYlJlL.js                10.39 kB │ gzip:   2.12 kB
dist/assets/nextflow-groovy-B2ApzpPo.js                10.43 kB │ gzip:   2.13 kB
dist/assets/dream-maker-DtLD6KM3.js                    10.46 kB │ gzip:   2.25 kB
dist/assets/dream-maker-TJT-ST8-.js                    10.46 kB │ gzip:   2.25 kB
dist/assets/raku-CeV6tH_x.js                           10.46 kB │ gzip:   2.94 kB
dist/assets/raku-JcqadCR9.js                           10.46 kB │ gzip:   2.94 kB
dist/assets/yaml-UlPtcTcd.js                           10.57 kB │ gzip:   2.32 kB
dist/assets/yaml-h64faY_m.js                           10.57 kB │ gzip:   2.32 kB
dist/assets/just-BI8XPP_Y.js                           10.76 kB │ gzip:   2.60 kB
dist/assets/just-CS8hcKAP.js                           10.84 kB │ gzip:   2.61 kB
dist/assets/elm-B9_m5DoT.js                            10.94 kB │ gzip:   2.09 kB
dist/assets/elm-CbVkyn5H.js                            10.94 kB │ gzip:   2.09 kB
dist/assets/github-light-BaNkQR6D.js                   11.18 kB │ gzip:   2.49 kB
dist/assets/github-light-WOHCgFMN.js                   11.18 kB │ gzip:   2.49 kB
dist/assets/prolog-C1UOAv4v.js                         11.34 kB │ gzip:   3.84 kB
dist/assets/prolog-Clu4A77f.js                         11.34 kB │ gzip:   3.84 kB
dist/assets/terraform-CrHj4zTm.js                      11.38 kB │ gzip:   2.51 kB
dist/assets/terraform-DUK0FOOj.js                      11.38 kB │ gzip:   2.51 kB
dist/assets/github-dark-C5QGYENI.js                    11.40 kB │ gzip:   2.53 kB
dist/assets/github-dark-xw939XF1.js                    11.40 kB │ gzip:   2.53 kB
dist/assets/puppet-CfaYFJuY.js                         11.43 kB │ gzip:   2.10 kB
dist/assets/puppet-D_zyrMo2.js                         11.43 kB │ gzip:   2.10 kB
dist/assets/laserwave-BDjJmXWc.js                      11.49 kB │ gzip:   2.57 kB
dist/assets/laserwave-DVrdrZNu.js                      11.49 kB │ gzip:   2.57 kB
dist/assets/gherkin-DUI4jbMx.js                        11.93 kB │ gzip:   5.04 kB
dist/assets/gherkin-DzGJhdqS.js                        11.93 kB │ gzip:   5.04 kB
dist/assets/wasm-C00ykC33.js                           12.00 kB │ gzip:   2.17 kB
dist/assets/wasm-Db7VBw0n.js                           12.00 kB │ gzip:   2.17 kB
dist/assets/hjson-D-iSecYq.js                          12.04 kB │ gzip:   1.64 kB
dist/assets/hjson-aFiZEX8A.js                          12.04 kB │ gzip:   1.64 kB
dist/assets/surrealql-LWC6lyOW.js                      12.06 kB │ gzip:   3.29 kB
dist/assets/handlebars-ClnWjM_B.js                     12.16 kB │ gzip:   2.38 kB
dist/assets/handlebars-CxHwVuvr.js                     12.16 kB │ gzip:   2.38 kB
dist/assets/apache-D5R2GKIs.js                         12.44 kB │ gzip:   3.71 kB
dist/assets/apache-hnCLlBaH.js                         12.44 kB │ gzip:   3.71 kB
dist/assets/vesper-LSB6WjLk.js                         12.68 kB │ gzip:   1.98 kB
dist/assets/vesper-CN1dApwD.js                         12.73 kB │ gzip:   1.99 kB
dist/assets/bat-jA-YqDhG.js                            12.88 kB │ gzip:   3.22 kB
dist/assets/bat-DQSgc6Ik.js                            12.88 kB │ gzip:   3.23 kB
dist/assets/fish-CpsjJ6FK.js                           13.03 kB │ gzip:   1.73 kB
dist/assets/fish-DFsvqt-H.js                           13.03 kB │ gzip:   1.73 kB
dist/assets/nsis-BwCzPKxZ.js                           13.11 kB │ gzip:   4.06 kB
dist/assets/v-CoJD3IPx.js                              13.20 kB │ gzip:   2.73 kB
dist/assets/v-Db9I4tpI.js                              13.32 kB │ gzip:   2.75 kB
dist/assets/vitesse-light-BkQoEl3H.js                  13.61 kB │ gzip:   3.03 kB
dist/assets/vitesse-light-CkEjbgnO.js                  13.61 kB │ gzip:   3.03 kB
dist/assets/aurora-x-D53z_rp-.js                       13.65 kB │ gzip:   2.28 kB
dist/assets/aurora-x-peeDYpYE.js                       13.65 kB │ gzip:   2.28 kB
dist/assets/vitesse-black-CSc0L2T_.js                  13.67 kB │ gzip:   3.05 kB
dist/assets/vitesse-black-Ca9dP8u1.js                  13.67 kB │ gzip:   3.05 kB
dist/assets/vitesse-dark-JeU9jWgE.js                   13.75 kB │ gzip:   3.06 kB
dist/assets/vitesse-dark-vjaYS9vK.js                   13.75 kB │ gzip:   3.06 kB
dist/assets/pug-CNrwlyxw.js                            13.84 kB │ gzip:   2.58 kB
dist/assets/pug-Dk4KRSBO.js                            13.84 kB │ gzip:   2.58 kB
dist/assets/luau-Dw3qkd4h.js                           13.95 kB │ gzip:   3.16 kB
dist/assets/synthwave-84-BW_LMSKo.js                   14.03 kB │ gzip:   2.85 kB
dist/assets/synthwave-84-CkApT3YA.js                   14.03 kB │ gzip:   2.85 kB
dist/assets/smalltalk-CFidGe_o.js                      14.11 kB │ gzip:   2.14 kB
dist/assets/github-light-default-BIt1uZJO.js           14.15 kB │ gzip:   3.02 kB
dist/assets/github-light-default-CNjbdIvI.js           14.15 kB │ gzip:   3.02 kB
dist/assets/clarity-DS5YLe8G.js                        14.26 kB │ gzip:   2.46 kB
dist/assets/github-light-high-contrast-BN410p6s.js     14.27 kB │ gzip:   3.00 kB
dist/assets/github-light-high-contrast-C9gQ-p8k.js     14.27 kB │ gzip:   3.00 kB
dist/assets/clarity-D_GzvvhH.js                        14.35 kB │ gzip:   2.50 kB
dist/assets/github-dark-dimmed-BOYdwq5c.js             14.43 kB │ gzip:   3.11 kB
dist/assets/github-dark-dimmed-Vd7F8dL2.js             14.43 kB │ gzip:   3.11 kB
dist/assets/github-dark-default-CENEsupY.js            14.43 kB │ gzip:   3.12 kB
dist/assets/github-dark-default-CbYVxPwj.js            14.43 kB │ gzip:   3.12 kB
dist/assets/github-dark-high-contrast-ChtnuggK.js      14.59 kB │ gzip:   3.07 kB
dist/assets/github-dark-high-contrast-DOiQPQgX.js      14.59 kB │ gzip:   3.07 kB
dist/assets/gnuplot-CfIGZWjt.js                        14.77 kB │ gzip:   3.27 kB
dist/assets/gnuplot-D83Gsekn.js                        14.77 kB │ gzip:   3.27 kB
dist/assets/rust-BWAfVMY4.js                           15.06 kB │ gzip:   2.71 kB
dist/assets/rust-C8KsnGvw.js                           15.06 kB │ gzip:   2.71 kB
dist/assets/kusto-BcKmLn2p.js                          15.16 kB │ gzip:   3.93 kB
dist/assets/kusto-dCA6WrcK.js                          15.16 kB │ gzip:   3.92 kB
dist/assets/actionscript-3-Cj-0sM4g.js                 15.19 kB │ gzip:   2.67 kB
dist/assets/nix-C2G-gZoY.js                            15.50 kB │ gzip:   2.47 kB
dist/assets/nix-CA-zPEWa.js                            15.50 kB │ gzip:   2.47 kB
dist/assets/actionscript-3-DRVhzHIm.js                 15.53 kB │ gzip:   2.70 kB
dist/assets/lua-BYKuqzaE.js                            15.59 kB │ gzip:   3.19 kB
dist/assets/lua-Dp2QKAEA.js                            15.59 kB │ gzip:   3.19 kB
dist/assets/abap-BRbAAyvE.js                           15.84 kB │ gzip:   5.93 kB
dist/assets/abap-BTv9e_JM.js                           15.84 kB │ gzip:   5.93 kB
dist/assets/solidity-DYHGECBw.js                       16.06 kB │ gzip:   3.09 kB
dist/assets/matlab-Buftnej6.js                         16.07 kB │ gzip:   3.06 kB
dist/assets/matlab-CBx34vf_.js                         16.07 kB │ gzip:   3.06 kB
dist/assets/luau-CFL_RNl5.js                           16.13 kB │ gzip:   3.54 kB
dist/assets/cue-B17exBJg.js                            16.19 kB │ gzip:   2.04 kB
dist/assets/cue-DlXQ7arx.js                            16.19 kB │ gzip:   2.04 kB
dist/assets/elixir-CiaNesxZ.js                         16.26 kB │ gzip:   2.76 kB
dist/assets/elixir-DFTEPJG5.js                         16.26 kB │ gzip:   2.76 kB
dist/assets/solidity-DAnUEZTb.js                       16.40 kB │ gzip:   3.14 kB
dist/assets/odin-BRCNCmUB.js                           16.50 kB │ gzip:   2.92 kB
dist/assets/odin-BWpZDKBG.js                           16.50 kB │ gzip:   2.92 kB
dist/assets/ts-tags-DE_ZU8B4.js                        16.54 kB │ gzip:   2.06 kB
dist/assets/bird2-V7dWeQhQ.js                          16.96 kB │ gzip:   3.84 kB
dist/assets/kanagawa-wave-CMBTxlcD.js                  17.11 kB │ gzip:   2.90 kB
dist/assets/kanagawa-lotus-DDSqmqPP.js                 17.11 kB │ gzip:   2.91 kB
dist/assets/kanagawa-dragon-kc5DEm90.js                17.12 kB │ gzip:   2.92 kB
dist/assets/kanagawa-wave-9vf8XDBO.js                  17.12 kB │ gzip:   2.90 kB
dist/assets/kanagawa-lotus-DiBb2ovo.js                 17.12 kB │ gzip:   2.90 kB
dist/assets/kanagawa-dragon-B8qr_VRu.js                17.12 kB │ gzip:   2.92 kB
dist/assets/move-BZSDQnwS.js                           17.49 kB │ gzip:   3.06 kB
dist/assets/move-DbQ_pDjR.js                           17.65 kB │ gzip:   3.06 kB
dist/assets/graphql-CTE5im6k.js                        18.08 kB │ gzip:   2.54 kB
dist/assets/graphql-Cf6TIHtH.js                        18.08 kB │ gzip:   2.54 kB
dist/assets/liquid-DZs5iNL0.js                         18.10 kB │ gzip:   3.14 kB
dist/assets/liquid-i2Yp8TzL.js                         18.10 kB │ gzip:   3.14 kB
dist/assets/svelte-BWf1vGPZ.js                         18.24 kB │ gzip:   3.14 kB
dist/assets/svelte-C6rS06hG.js                         18.24 kB │ gzip:   3.14 kB
dist/assets/material-theme-D3P40_QW.js                 18.61 kB │ gzip:   3.10 kB
dist/assets/material-theme-DolXV7OC.js                 18.61 kB │ gzip:   3.10 kB
dist/assets/material-theme-darker-CTUyBKch.js          18.62 kB │ gzip:   3.10 kB
dist/assets/material-theme-darker-DXazPwrH.js          18.62 kB │ gzip:   3.10 kB
dist/assets/material-theme-ocean-BDSmy599.js           18.62 kB │ gzip:   3.12 kB
dist/assets/material-theme-ocean-C2dPU5b4.js           18.62 kB │ gzip:   3.12 kB
dist/assets/material-theme-lighter-Bg1_DbDy.js         18.63 kB │ gzip:   3.10 kB
dist/assets/material-theme-lighter-DxdD0loW.js         18.63 kB │ gzip:   3.10 kB
dist/assets/material-theme-palenight-BRLP7e4z.js       18.63 kB │ gzip:   3.11 kB
dist/assets/material-theme-palenight-DnvPlHum.js       18.63 kB │ gzip:   3.11 kB
dist/assets/gdscript-B_XVILZe.js                       18.98 kB │ gzip:   3.75 kB
dist/assets/gdscript-DKBCauWM.js                       19.08 kB │ gzip:   3.76 kB
dist/assets/groovy-BO6E8DC0.js                         19.17 kB │ gzip:   3.59 kB
dist/assets/groovy-lvGC2zUz.js                         19.17 kB │ gzip:   3.59 kB
dist/assets/mdc-Co5CvCzQ.js                            19.54 kB │ gzip:   6.66 kB
dist/assets/ayu-dark-SM0U4ft3.js                       20.07 kB │ gzip:   3.93 kB
dist/assets/ayu-dark-qotSrOIu.js                       20.07 kB │ gzip:   3.93 kB
dist/assets/ayu-mirage-CYp1XaL0.js                     20.08 kB │ gzip:   3.91 kB
dist/assets/ayu-mirage-DtlieN08.js                     20.08 kB │ gzip:   3.91 kB
dist/assets/glimmer-js-B-jGCTdg.js                     20.08 kB │ gzip:   2.94 kB
dist/assets/glimmer-js-D2hiQY4_.js                     20.08 kB │ gzip:   2.94 kB
dist/assets/glimmer-ts-Qv88IS6K.js                     20.08 kB │ gzip:   2.93 kB
dist/assets/glimmer-ts-qmz6Ms06.js                     20.08 kB │ gzip:   2.93 kB
dist/assets/mdc-Ci1VmzEp.js                            20.08 kB │ gzip:   6.80 kB
dist/assets/powershell-Coc0WruX.js                     20.14 kB │ gzip:   4.05 kB
dist/assets/ayu-light-0ZMamu0-.js                      20.14 kB │ gzip:   3.89 kB
dist/assets/ayu-light-DWdXqYCc.js                      20.14 kB │ gzip:   3.89 kB
dist/assets/powershell-sx51lBs2.js                     20.15 kB │ gzip:   4.05 kB
dist/assets/viml-CGPGWJA6.js                           20.35 kB │ gzip:   6.73 kB
dist/assets/viml-DQf1T1dM.js                           20.35 kB │ gzip:   6.73 kB
dist/assets/nushell-S11HUHTG.js                        20.40 kB │ gzip:   5.21 kB
dist/assets/snazzy-light-BMaGe9P6.js                   20.77 kB │ gzip:   3.80 kB
dist/assets/snazzy-light-D79UDiOH.js                   20.77 kB │ gzip:   3.80 kB
dist/assets/nushell-DOYM0jxW.js                        20.87 kB │ gzip:   5.36 kB
dist/assets/twig-Bkh9V03W.js                           20.90 kB │ gzip:   3.66 kB
dist/assets/dracula-7PgyzseY.js                        21.06 kB │ gzip:   3.99 kB
dist/assets/dracula-BfUs0Ntq.js                        21.06 kB │ gzip:   3.99 kB
dist/assets/dracula-soft-BwF8zuLT.js                   21.07 kB │ gzip:   4.02 kB
dist/assets/dracula-soft-CDVTT0uD.js                   21.07 kB │ gzip:   4.02 kB
dist/assets/wit-MyJXrTik.js                            21.46 kB │ gzip:   2.87 kB
dist/assets/wit-ZhUbVeze.js                            21.46 kB │ gzip:   2.87 kB
dist/assets/twig-DFURjYkA.js                           21.51 kB │ gzip:   3.76 kB
dist/assets/rose-pine-BmWvUbOQ.js                      21.73 kB │ gzip:   3.88 kB
dist/assets/rose-pine-DVuopy7g.js                      21.74 kB │ gzip:   3.86 kB
dist/assets/rose-pine-moon-D46L4px0.js                 21.74 kB │ gzip:   3.89 kB
dist/assets/rose-pine-dawn-BBbaSYCf.js                 21.74 kB │ gzip:   3.89 kB
dist/assets/rose-pine-moon-BHafWaH7.js                 21.75 kB │ gzip:   3.87 kB
dist/assets/rose-pine-dawn-CH0Q7PNK.js                 21.75 kB │ gzip:   3.88 kB
dist/assets/nim-B0XVJcq6.js                            22.45 kB │ gzip:   3.15 kB
dist/assets/nim-C0McVd7k.js                            22.45 kB │ gzip:   3.15 kB
dist/assets/common-lisp-BE6wRQeA.js                    22.57 kB │ gzip:   6.07 kB
dist/assets/common-lisp-bZ7H6tzx.js                    22.57 kB │ gzip:   6.07 kB
dist/assets/surrealql-CnOelu3C.js                      22.58 kB │ gzip:   4.31 kB
dist/assets/gruvbox-dark-hard-BlsNDueM.js              22.63 kB │ gzip:   4.15 kB
dist/assets/gruvbox-dark-hard-fp4Iu8Qo.js              22.63 kB │ gzip:   4.15 kB
dist/assets/gruvbox-dark-soft-B1jbF8TM.js              22.63 kB │ gzip:   4.15 kB
dist/assets/gruvbox-dark-soft-DxK3Wjp0.js              22.63 kB │ gzip:   4.15 kB
dist/assets/gruvbox-light-hard-C5-8B_Gl.js             22.63 kB │ gzip:   4.16 kB
dist/assets/gruvbox-light-hard-C7hHQPOc.js             22.63 kB │ gzip:   4.16 kB
dist/assets/gruvbox-light-soft-DyrnKdbC.js             22.63 kB │ gzip:   4.16 kB
dist/assets/gruvbox-light-soft-g96KHX0I.js             22.63 kB │ gzip:   4.16 kB
dist/assets/gruvbox-dark-medium-RRwZ3iM6.js            22.63 kB │ gzip:   4.15 kB
dist/assets/gruvbox-dark-medium-yv6aheRv.js            22.63 kB │ gzip:   4.15 kB
dist/assets/gruvbox-light-medium-B7hJbHRM.js           22.63 kB │ gzip:   4.16 kB
dist/assets/gruvbox-light-medium-DX0tJHtC.js           22.63 kB │ gzip:   4.16 kB
dist/assets/sql-C2txezIg.js                            23.47 kB │ gzip:   7.49 kB
dist/assets/sql-C-RGkZgj.js                            23.49 kB │ gzip:   7.51 kB
dist/assets/cadence-DaglWUgA.js                        23.66 kB │ gzip:   3.65 kB
dist/assets/cadence-DvaGYC2l.js                        23.66 kB │ gzip:   3.65 kB
dist/assets/typespec-CKEcF6Kw.js                       24.01 kB │ gzip:   2.58 kB
dist/assets/astro-BLpQJNpu.js                          24.02 kB │ gzip:   7.59 kB
dist/assets/astro-DyGSW1uJ.js                          24.02 kB │ gzip:   7.59 kB
dist/assets/apl-CSocvuZy.js                            24.02 kB │ gzip:   4.17 kB
dist/assets/apl-DC5fT7rS.js                            24.02 kB │ gzip:   4.17 kB
dist/assets/templ-DKVnwpgQ.js                          24.06 kB │ gzip:   5.41 kB
dist/assets/templ-uHK6Trvd.js                          24.06 kB │ gzip:   5.41 kB
dist/assets/angular-html-Bdo5HQG8.js                   24.24 kB │ gzip:   3.99 kB
dist/assets/angular-html-mWzCqFUI.js                   24.24 kB │ gzip:   3.99 kB
dist/assets/vhdl-2WwUdgX8.js                           24.25 kB │ gzip:   3.86 kB
dist/assets/vhdl-CVOdAYVf.js                           24.25 kB │ gzip:   3.86 kB
dist/assets/vue-CeHriBJU.js                            24.48 kB │ gzip:   2.95 kB
dist/assets/purescript-CV-DVmZj.js                     24.67 kB │ gzip:   3.24 kB
dist/assets/purescript-Cv0r1fES.js                     24.67 kB │ gzip:   3.24 kB
dist/assets/moonbit-hegrj3EN.js                        24.93 kB │ gzip:   3.76 kB
dist/assets/vue-BSqZzcRC.js                            24.96 kB │ gzip:   3.03 kB
dist/assets/typespec-DqUybpYr.js                       25.03 kB │ gzip:   2.62 kB
dist/assets/one-light-BKBOOqVw.js                      25.29 kB │ gzip:   3.63 kB
dist/assets/one-light-CdZGIvMC.js                      25.29 kB │ gzip:   3.63 kB
dist/assets/fsharp-OCW_PZ4J.js                         25.30 kB │ gzip:   4.12 kB
dist/assets/fsharp-daeIZMTo.js                         25.30 kB │ gzip:   4.12 kB
dist/assets/marko-DQ1W1RXr.js                          25.48 kB │ gzip:   3.59 kB
dist/assets/marko-VPRdyVDw.js                          25.48 kB │ gzip:   3.59 kB
dist/assets/c3-BDcFIiRd.js                             25.62 kB │ gzip:   3.85 kB
dist/assets/night-owl-light-BaXgu175.js                25.89 kB │ gzip:   4.23 kB
dist/assets/night-owl-light-F4muqLA3.js                25.89 kB │ gzip:   4.23 kB
dist/assets/system-verilog-DjR3sN6w.js                 26.19 kB │ gzip:   4.82 kB
dist/assets/c3-Cazdicdc.js                             26.37 kB │ gzip:   3.97 kB
dist/assets/system-verilog-Cv0EqVsj.js                 26.54 kB │ gzip:   4.85 kB
dist/assets/nord-CZj_5VI9.js                           26.72 kB │ gzip:   4.35 kB
dist/assets/nord-DDlRBhzO.js                           26.72 kB │ gzip:   4.35 kB
dist/assets/codeql-BGjlu3KC.js                         26.87 kB │ gzip:   3.79 kB
dist/assets/codeql-CrXnlC4o.js                         26.87 kB │ gzip:   3.79 kB
dist/assets/scss-D49v-KP9.js                           27.26 kB │ gzip:   4.23 kB
dist/assets/scss-DhWFYdal.js                           27.26 kB │ gzip:   4.23 kB
dist/assets/java-BWl2NeuX.js                           27.28 kB │ gzip:   4.31 kB
dist/assets/java-IYsYv6C_.js                           27.28 kB │ gzip:   4.31 kB
dist/assets/coffee-ChbLWC0n.js                         27.42 kB │ gzip:   6.35 kB
dist/assets/coffee-bAOC_ebg.js                         27.42 kB │ gzip:   6.35 kB
dist/assets/razor-BMKGXXgm.js                          27.45 kB │ gzip:   3.54 kB
dist/assets/razor-BP0zymEw.js                          27.45 kB │ gzip:   3.54 kB
dist/assets/scala-C2w7y2mZ.js                          28.87 kB │ gzip:   3.92 kB
dist/assets/scala-D7pMPwFL.js                          28.88 kB │ gzip:   3.93 kB
dist/assets/night-owl-B5XdLik5.js                      28.91 kB │ gzip:   5.14 kB
dist/assets/night-owl-OdH1_TGr.js                      28.91 kB │ gzip:   5.14 kB
dist/assets/crystal-Ci521SkB.js                        29.41 kB │ gzip:   4.44 kB
dist/assets/crystal-EZXhaQVy.js                        29.41 kB │ gzip:   4.44 kB
dist/assets/mermaid-tvyj1ZQ2.js                        29.50 kB │ gzip:   3.64 kB
dist/assets/applescript-CBey3ErE.js                    29.56 kB │ gzip:   5.94 kB
dist/assets/applescript-_LB4K6JU.js                    29.56 kB │ gzip:   5.94 kB
dist/assets/julia-D5yMKRE2.js                          30.99 kB │ gzip:   4.30 kB
dist/assets/julia-D661r1Hg.js                          31.00 kB │ gzip:   4.30 kB
dist/assets/stylus-BO6mlOab.js                         31.06 kB │ gzip:   8.01 kB
dist/assets/stylus-CtrWUzc8.js                         31.06 kB │ gzip:   8.01 kB
dist/assets/ahk-CEgXN5IG.js                            31.43 kB │ gzip:   7.82 kB
dist/assets/poimandres-CYt7jKn0.js                     33.49 kB │ gzip:   5.49 kB
dist/assets/poimandres-XmSUFK21.js                     33.49 kB │ gzip:   5.49 kB
dist/assets/one-dark-pro-0oS-uzXo.js                   33.78 kB │ gzip:   5.50 kB
dist/assets/one-dark-pro-DqIxFy85.js                   33.78 kB │ gzip:   5.50 kB
dist/assets/bsl-CPV9KqsG.js                            33.86 kB │ gzip:   8.34 kB
dist/assets/bsl-BnY8G1WM.js                            33.94 kB │ gzip:   8.35 kB
dist/assets/haxe-Df79h8x1.js                           35.15 kB │ gzip:   5.90 kB
dist/assets/nginx-D6FZLFBW.js                          35.35 kB │ gzip:   4.45 kB
dist/assets/nginx-DAbE7erO.js                          35.35 kB │ gzip:   4.45 kB
dist/assets/houston-Cfbs77ZH.js                        35.41 kB │ gzip:   5.76 kB
dist/assets/houston-DYS_9u81.js                        35.41 kB │ gzip:   5.76 kB
dist/assets/tokyo-night-Bdy6GBNu.js                    35.66 kB │ gzip:   6.22 kB
dist/assets/tokyo-night-D0BYA4W2.js                    35.66 kB │ gzip:   6.22 kB
dist/assets/haxe-5Nas75aR.js                           35.94 kB │ gzip:   6.00 kB
dist/assets/org-CgLZ4fal.js                            36.26 kB │ gzip:   3.68 kB
dist/assets/erlang-BC8wryba.js                         37.47 kB │ gzip:   4.36 kB
dist/assets/erlang-j1NTPxrI.js                         37.47 kB │ gzip:   4.36 kB
dist/assets/bird2-DEjaCCHo.js                          38.67 kB │ gzip:   8.49 kB
dist/assets/cobol-DhQiKHZT.js                          39.07 kB │ gzip:  10.89 kB
dist/assets/cobol-DzIUE6G8.js                          39.09 kB │ gzip:  10.89 kB
dist/assets/asm-DAaViY0U.js                            40.71 kB │ gzip:   8.16 kB
dist/assets/asm-r74GcgSo.js                            40.71 kB │ gzip:   8.16 kB
dist/assets/haskell-BCnMwTf9.js                        41.48 kB │ gzip:   6.41 kB
dist/assets/haskell-DdaZtXdd.js                        41.48 kB │ gzip:   6.41 kB
dist/assets/shellscript-DGXwOt82.js                    41.54 kB │ gzip:   6.13 kB
dist/assets/shellscript-DIEjEFn0.js                    41.54 kB │ gzip:   6.13 kB
dist/assets/perl-CUxQhBf2.js                           43.14 kB │ gzip:   4.64 kB
dist/assets/perl-DdCneoc4.js                           43.14 kB │ gzip:   4.64 kB
dist/assets/d-BUgyoY6k.js                              43.78 kB │ gzip:   8.43 kB
dist/assets/d-CnCqNMS3.js                              43.78 kB │ gzip:   8.43 kB
dist/assets/ahk2-BRTZe2ef.js                           45.05 kB │ gzip:   9.87 kB
dist/assets/ruby-CS1j5tAG.js                           45.83 kB │ gzip:   5.56 kB
dist/assets/ruby-cm1WA9dR.js                           46.60 kB │ gzip:   5.71 kB
dist/assets/go-iV8pwUYW.js                             46.80 kB │ gzip:   5.15 kB
dist/assets/go-XxjQyxJv.js                             46.81 kB │ gzip:   5.14 kB
dist/assets/apex-Qu8W4hal.js                           46.97 kB │ gzip:   6.72 kB
dist/assets/catppuccin-mocha-kxe93YEX.js               47.25 kB │ gzip:   7.98 kB
dist/assets/catppuccin-latte-B48rHvvT.js               47.25 kB │ gzip:   7.98 kB
dist/assets/catppuccin-frappe-CMemKQ2a.js              47.25 kB │ gzip:   7.99 kB
dist/assets/catppuccin-macchiato-Yyv_oOAB.js           47.26 kB │ gzip:   7.99 kB
dist/assets/apex-RkFT-uKm.js                           47.88 kB │ gzip:   6.85 kB
dist/assets/ada-DY9qN25z.js                            48.07 kB │ gzip:   5.96 kB
dist/assets/ada-DhEA_nP5.js                            48.07 kB │ gzip:   5.96 kB
dist/assets/css-BuMb96I0.js                            49.08 kB │ gzip:  11.95 kB
dist/assets/css-Bz-V90z-.js                            49.10 kB │ gzip:  11.96 kB
dist/assets/imba-I9bJJvhi.js                           49.92 kB │ gzip:   9.47 kB
dist/assets/imba-Zd6bbr3X.js                           49.92 kB │ gzip:   9.47 kB
dist/assets/catppuccin-mocha-BnPn4rtw.js               50.84 kB │ gzip:   8.47 kB
dist/assets/catppuccin-latte-hmTa56R5.js               50.84 kB │ gzip:   8.48 kB
dist/assets/catppuccin-frappe-DZYuQDdk.js              50.85 kB │ gzip:   8.48 kB
dist/assets/catppuccin-macchiato-DnWNzjNi.js           50.85 kB │ gzip:   8.48 kB
dist/assets/everforest-dark-CVN5jLh5.js                53.74 kB │ gzip:   8.37 kB
dist/assets/everforest-dark-D0jHF3FP.js                53.74 kB │ gzip:   8.37 kB
dist/assets/everforest-light-BImZf5lK.js               53.74 kB │ gzip:   8.36 kB
dist/assets/everforest-light-DPDFUUUm.js               53.74 kB │ gzip:   8.36 kB
dist/assets/mermaid-CYXStLwg.js                        54.80 kB │ gzip:   4.79 kB
dist/assets/wikitext-CBIB6hmW.js                       55.87 kB │ gzip:   4.81 kB
dist/assets/wikitext-CyKY4d4X.js                       55.87 kB │ gzip:   4.81 kB
dist/assets/stata-C5Os_L65.js                          56.99 kB │ gzip:  12.39 kB
dist/assets/stata-mOwk-ogR.js                          56.99 kB │ gzip:  12.39 kB
dist/assets/html-CBaqrQI3.js                           57.32 kB │ gzip:  11.79 kB
dist/assets/html-CP1SLAiR.js                           57.32 kB │ gzip:  11.79 kB
dist/assets/ballerina-B1Nyya9u.js                      58.68 kB │ gzip:   8.10 kB
dist/assets/ballerina-DodmBVwR.js                      58.68 kB │ gzip:   8.10 kB
dist/assets/markdown-DMIvNSB1.js                       59.32 kB │ gzip:   5.66 kB
dist/assets/markdown-Dcuk8FBj.js                       59.32 kB │ gzip:   5.66 kB
dist/assets/ocaml-CHDFQAb2.js                          62.44 kB │ gzip:   5.04 kB
dist/assets/ocaml-C_PTi_Pz.js                          62.44 kB │ gzip:   5.04 kB
dist/assets/mojo-LC-a_g6T.js                           69.52 kB │ gzip:   9.21 kB
dist/assets/mojo-B3qnM1a8.js                           69.79 kB │ gzip:   9.21 kB
dist/assets/python-DcnbpNOV.js                         69.94 kB │ gzip:   9.09 kB
dist/assets/python-K_f0BC6R.js                         69.94 kB │ gzip:   9.09 kB
dist/assets/c-DQ2es4Jp.js                              72.17 kB │ gzip:  10.55 kB
dist/assets/c-RD7tlXDT.js                              72.17 kB │ gzip:  10.55 kB
dist/assets/latex-CrHrpBxB.js                          72.61 kB │ gzip:   6.68 kB
dist/assets/latex-DFQ6OKZK.js                          72.88 kB │ gzip:   6.74 kB
dist/assets/vyper-DM2w0uk4.js                          74.64 kB │ gzip:  10.69 kB
dist/assets/vyper-DP_vqZO9.js                          74.64 kB │ gzip:  10.69 kB
dist/assets/hack-DskUyMzF.js                           80.18 kB │ gzip:  26.27 kB
dist/assets/hack-BWPbgdiB.js                           81.07 kB │ gzip:  26.45 kB
dist/assets/swift-D9A08YU9.js                          86.68 kB │ gzip:  14.69 kB
dist/assets/swift-D-7fNVY6.js                          87.22 kB │ gzip:  14.79 kB
dist/assets/fortran-free-form-CIAQqF5W.js              88.96 kB │ gzip:  11.18 kB
dist/assets/fortran-free-form-DirNAf4n.js              88.96 kB │ gzip:  11.18 kB
dist/assets/csharp-Ca2kU4Te.js                         89.68 kB │ gzip:  10.64 kB
dist/assets/csharp-DCIQpknN.js                         90.18 kB │ gzip:  10.71 kB
dist/assets/racket-Cbwns2Cq.js                         92.38 kB │ gzip:  15.07 kB
dist/assets/racket-EgB7laCN.js                         92.38 kB │ gzip:  15.07 kB
dist/assets/less-Cgo6VXQL.js                           97.62 kB │ gzip:  14.84 kB
dist/assets/less-DgluPI4Z.js                           97.62 kB │ gzip:  14.84 kB
dist/assets/blade-C-LfxJ1E.js                         104.97 kB │ gzip:  28.30 kB
dist/assets/blade-DbtqDUfx.js                         104.97 kB │ gzip:  28.30 kB
dist/assets/objective-c-D9GKvYFi.js                   105.40 kB │ gzip:  23.63 kB
dist/assets/objective-c-DVdkAOf-.js                   105.40 kB │ gzip:  23.63 kB
dist/assets/php-C2b8pFbP.js                           111.05 kB │ gzip:  28.65 kB
dist/assets/php-CjpPcgxF.js                           113.08 kB │ gzip:  28.85 kB
dist/assets/asciidoc-1KYZEB6-.js                      131.52 kB │ gzip:   9.31 kB
dist/assets/asciidoc-CRETCkQA.js                      136.04 kB │ gzip:   9.45 kB
dist/assets/mdx-COL7Vpwq.js                           136.10 kB │ gzip:  23.54 kB
dist/assets/mdx-YGW2G4Uv.js                           136.10 kB │ gzip:  23.54 kB
dist/assets/objective-cpp-CCr5-kNB.js                 171.96 kB │ gzip:  30.98 kB
dist/assets/objective-cpp-SqrtXFXh.js                 171.96 kB │ gzip:  30.98 kB
dist/assets/javascript-CLgP88CQ.js                    174.89 kB │ gzip:  16.68 kB
dist/assets/javascript-Dir8DQyl.js                    174.89 kB │ gzip:  16.68 kB
dist/assets/tsx-DDk61J7L.js                           175.60 kB │ gzip:  16.68 kB
dist/assets/tsx-xQPkSJ4K.js                           175.60 kB │ gzip:  16.68 kB
dist/assets/jsx-B7O6baP-.js                           177.85 kB │ gzip:  16.77 kB
dist/assets/jsx-CmdLF4gw.js                           177.85 kB │ gzip:  16.77 kB
dist/assets/typescript-B68_rMMw.js                    181.14 kB │ gzip:  16.29 kB
dist/assets/typescript-CGZm1hc-.js                    181.14 kB │ gzip:  16.29 kB
dist/assets/angular-ts-DFHWoo4P.js                    183.73 kB │ gzip:  16.78 kB
dist/assets/angular-ts-Djr0kZ19.js                    183.73 kB │ gzip:  16.78 kB
dist/assets/vue-vine-D8CBO-yN.js                      190.05 kB │ gzip:  18.07 kB
dist/assets/vue-vine-DIpqxoYk.js                      190.05 kB │ gzip:  18.07 kB
dist/assets/wolfram-DcnSWT7X.js                       262.38 kB │ gzip:  77.63 kB
dist/assets/wolfram-HyMOyERF.js                       262.38 kB │ gzip:  77.63 kB
dist/assets/chunk-BO2N2NFS-BCdbn1tZ.js                488.65 kB │ gzip: 149.26 kB
dist/assets/wasm-DZewKEDB.js                          622.32 kB │ gzip: 232.09 kB
dist/assets/wasm-DhaPJGDJ.js                          622.32 kB │ gzip: 232.09 kB
dist/assets/cpp-DTNUtjnD.js                           626.13 kB │ gzip:  48.10 kB
dist/assets/emacs-lisp-BHIDiQRU.js                    779.84 kB │ gzip: 197.53 kB
dist/assets/cpp-Dgoa8JjC.js                           785.53 kB │ gzip:  58.27 kB
dist/assets/emacs-lisp-xnMFdz-S.js                    790.00 kB │ gzip: 200.30 kB
dist/assets/index-BbZgcrs-.js                       1,112.17 kB │ gzip: 350.62 kB

✓ built in 671ms
[plugin builtin:vite-reporter] 
(!) Some chunks are larger than 500 kB after minification. Consider:
- Using dynamic import() to code-split the application
- Use build.rolldownOptions.output.codeSplitting to improve chunking: https://rolldown.rs/reference/OutputOptions.codeSplitting
- Adjust chunk size limit for this warning via build.chunkSizeWarningLimit.
build_exit=0
